append: (1 2 3 4 5)
reverse: (d c b a)
length: 5
list-ref: c
list-tail: (3 4)
map: (1 4 9 16)
for-each: a b c 
equal?: (#t #t #f)
assoc: (b . 2)
member: (3 4)
memv: #f
abs/mod/gcd: (7 2 -2 12 1 3)
even/odd/zero: (#t #f #t #f)
number->string: ("0" "42" "-1234")
char-cmp: (#t #t #f)
char-class: (#t #t #t)
char-case: (#\A #\q)
string ops: ("foobar" "hello" (#\h #\i) "abc")
string-cmp: (#t #t #t)
string-copy: "copied"
