(Simple Test File For Qfitzah)
(Some Leather Covered Sofas)
(Higher Order Programming)
(Cons (Some Chocolate Covered Police) (Cons (Some Chocolate Covered Raisins) (Cons (Some Chocolate Covered Oreos) Nil)))
(Boolean Definitions)
(This Should Be A Built-in)
(Boolean Truth Tables)
(Well No Yes)
(Well Yes No No No)
(Well Yes Yes Yes No)
(Boolean Tests)
Ok
Ok
Ok
Ok
(Peano Arithmetic)
Ok
Ok
Ok
Ok
(Empty List Is ())
